Classic Timing Analyzer report for HDB3
Mon Jun 28 19:12:03 2021
Quartus II Version 9.0 Build 235 06/17/2009 Service Pack 2 SJ Web Edition


---------------------
; Table of Contents ;
---------------------
  1. Legal Notice
  2. Timing Analyzer Summary
  3. Timing Analyzer Settings
  4. Clock Settings Summary
  5. Parallel Compilation
  6. Clock Setup: 'clk'
  7. tsu
  8. tco
  9. th
 10. Timing Analyzer Messages



----------------
; Legal Notice ;
----------------
Copyright (C) 1991-2009 Altera Corporation
Your use of Altera Corporation's design tools, logic functions 
and other software and tools, and its AMPP partner logic 
functions, and any output files from any of the foregoing 
(including device programming or simulation files), and any 
associated documentation or information are expressly subject 
to the terms and conditions of the Altera Program License 
Subscription Agreement, Altera MegaCore Function License 
Agreement, or other applicable license agreement, including, 
without limitation, that your use is for the sole purpose of 
programming logic devices manufactured by Altera and sold by 
Altera or its authorized distributors.  Please refer to the 
applicable agreement for further details.



+----------------------------------------------------------------------------------------------------------------------------------------------------------------+
; Timing Analyzer Summary                                                                                                                                        ;
+------------------------------+-------+---------------+----------------------------------+-----------------+-------------+------------+----------+--------------+
; Type                         ; Slack ; Required Time ; Actual Time                      ; From            ; To          ; From Clock ; To Clock ; Failed Paths ;
+------------------------------+-------+---------------+----------------------------------+-----------------+-------------+------------+----------+--------------+
; Worst-case tsu               ; N/A   ; None          ; 4.129 ns                         ; clr             ; count0[2]   ; --         ; clk      ; 0            ;
; Worst-case tco               ; N/A   ; None          ; 5.593 ns                         ; codeout[0]~reg0 ; codeout[0]  ; clk        ; --       ; 0            ;
; Worst-case th                ; N/A   ; None          ; -2.339 ns                        ; codein          ; codeoutv[0] ; --         ; clk      ; 0            ;
; Clock Setup: 'clk'           ; N/A   ; None          ; 295.16 MHz ( period = 3.388 ns ) ; count0[13]      ; count0[2]   ; clk        ; clk      ; 0            ;
; Total number of failed paths ;       ;               ;                                  ;                 ;             ;            ;          ; 0            ;
+------------------------------+-------+---------------+----------------------------------+-----------------+-------------+------------+----------+--------------+


+--------------------------------------------------------------------------------------------------------------------+
; Timing Analyzer Settings                                                                                           ;
+---------------------------------------------------------------------+--------------------+------+----+-------------+
; Option                                                              ; Setting            ; From ; To ; Entity Name ;
+---------------------------------------------------------------------+--------------------+------+----+-------------+
; Device Name                                                         ; EP2S15F484C3       ;      ;    ;             ;
; Timing Models                                                       ; Final              ;      ;    ;             ;
; Default hold multicycle                                             ; Same as Multicycle ;      ;    ;             ;
; Cut paths between unrelated clock domains                           ; On                 ;      ;    ;             ;
; Cut off read during write signal paths                              ; On                 ;      ;    ;             ;
; Cut off feedback from I/O pins                                      ; On                 ;      ;    ;             ;
; Report Combined Fast/Slow Timing                                    ; Off                ;      ;    ;             ;
; Ignore Clock Settings                                               ; Off                ;      ;    ;             ;
; Analyze latches as synchronous elements                             ; On                 ;      ;    ;             ;
; Enable Recovery/Removal analysis                                    ; Off                ;      ;    ;             ;
; Enable Clock Latency                                                ; Off                ;      ;    ;             ;
; Use TimeQuest Timing Analyzer                                       ; Off                ;      ;    ;             ;
; Number of source nodes to report per destination node               ; 10                 ;      ;    ;             ;
; Number of destination nodes to report                               ; 10                 ;      ;    ;             ;
; Number of paths to report                                           ; 200                ;      ;    ;             ;
; Report Minimum Timing Checks                                        ; Off                ;      ;    ;             ;
; Use Fast Timing Models                                              ; Off                ;      ;    ;             ;
; Report IO Paths Separately                                          ; Off                ;      ;    ;             ;
; Perform Multicorner Analysis                                        ; On                 ;      ;    ;             ;
; Reports the worst-case path for each clock domain and analysis      ; Off                ;      ;    ;             ;
; Removes common clock path pessimism (CCPP) during slack computation ; Off                ;      ;    ;             ;
; Output I/O Timing Endpoint                                          ; Near End           ;      ;    ;             ;
+---------------------------------------------------------------------+--------------------+------+----+-------------+


+------------------------------------------------------------------------------------------------------------------------------------------------------------------------------------+
; Clock Settings Summary                                                                                                                                                             ;
+-----------------+--------------------+----------+------------------+---------------+--------------+----------+-----------------------+---------------------+--------+--------------+
; Clock Node Name ; Clock Setting Name ; Type     ; Fmax Requirement ; Early Latency ; Late Latency ; Based on ; Multiply Base Fmax by ; Divide Base Fmax by ; Offset ; Phase offset ;
+-----------------+--------------------+----------+------------------+---------------+--------------+----------+-----------------------+---------------------+--------+--------------+
; clk             ;                    ; User Pin ; None             ; 0.000 ns      ; 0.000 ns     ; --       ; N/A                   ; N/A                 ; N/A    ;              ;
+-----------------+--------------------+----------+------------------+---------------+--------------+----------+-----------------------+---------------------+--------+--------------+


Parallel compilation was disabled, but you have multiple processors available. Enable parallel compilation to reduce compilation time.
+-------------------------------------+
; Parallel Compilation                ;
+----------------------------+--------+
; Processors                 ; Number ;
+----------------------------+--------+
; Number detected on machine ; 12     ;
; Maximum allowed            ; 1      ;
+----------------------------+--------+


+-------------------------------------------------------------------------------------------------------------------------------------------------------------------------------------------------------------------------------------+
; Clock Setup: 'clk'                                                                                                                                                                                                                  ;
+-----------------------------------------+-----------------------------------------------------+------------+------------+------------+----------+-----------------------------+---------------------------+-------------------------+
; Slack                                   ; Actual fmax (period)                                ; From       ; To         ; From Clock ; To Clock ; Required Setup Relationship ; Required Longest P2P Time ; Actual Longest P2P Time ;
+-----------------------------------------+-----------------------------------------------------+------------+------------+------------+----------+-----------------------------+---------------------------+-------------------------+
; N/A                                     ; 295.16 MHz ( period = 3.388 ns )                    ; count0[13] ; count0[12] ; clk        ; clk      ; None                        ; None                      ; 3.204 ns                ;
; N/A                                     ; 295.16 MHz ( period = 3.388 ns )                    ; count0[13] ; count0[11] ; clk        ; clk      ; None                        ; None                      ; 3.204 ns                ;
; N/A                                     ; 295.16 MHz ( period = 3.388 ns )                    ; count0[13] ; count0[0]  ; clk        ; clk      ; None                        ; None                      ; 3.204 ns                ;
; N/A                                     ; 295.16 MHz ( period = 3.388 ns )                    ; count0[13] ; count0[4]  ; clk        ; clk      ; None                        ; None                      ; 3.204 ns                ;
; N/A                                     ; 295.16 MHz ( period = 3.388 ns )                    ; count0[13] ; count0[14] ; clk        ; clk      ; None                        ; None                      ; 3.204 ns                ;
; N/A                                     ; 295.16 MHz ( period = 3.388 ns )                    ; count0[13] ; count0[3]  ; clk        ; clk      ; None                        ; None                      ; 3.204 ns                ;
; N/A                                     ; 295.16 MHz ( period = 3.388 ns )                    ; count0[13] ; count0[9]  ; clk        ; clk      ; None                        ; None                      ; 3.204 ns                ;
; N/A                                     ; 295.16 MHz ( period = 3.388 ns )                    ; count0[13] ; count0[8]  ; clk        ; clk      ; None                        ; None                      ; 3.204 ns                ;
; N/A                                     ; 295.16 MHz ( period = 3.388 ns )                    ; count0[13] ; count0[10] ; clk        ; clk      ; None                        ; None                      ; 3.204 ns                ;
; N/A                                     ; 295.16 MHz ( period = 3.388 ns )                    ; count0[13] ; count0[6]  ; clk        ; clk      ; None                        ; None                      ; 3.204 ns                ;
; N/A                                     ; 295.16 MHz ( period = 3.388 ns )                    ; count0[13] ; count0[5]  ; clk        ; clk      ; None                        ; None                      ; 3.204 ns                ;
; N/A                                     ; 295.16 MHz ( period = 3.388 ns )                    ; count0[13] ; count0[7]  ; clk        ; clk      ; None                        ; None                      ; 3.204 ns                ;
; N/A                                     ; 295.16 MHz ( period = 3.388 ns )                    ; count0[13] ; count0[15] ; clk        ; clk      ; None                        ; None                      ; 3.204 ns                ;
; N/A                                     ; 295.16 MHz ( period = 3.388 ns )                    ; count0[13] ; count0[13] ; clk        ; clk      ; None                        ; None                      ; 3.204 ns                ;
; N/A                                     ; 295.16 MHz ( period = 3.388 ns )                    ; count0[13] ; count0[1]  ; clk        ; clk      ; None                        ; None                      ; 3.204 ns                ;
; N/A                                     ; 295.16 MHz ( period = 3.388 ns )                    ; count0[13] ; count0[2]  ; clk        ; clk      ; None                        ; None                      ; 3.204 ns                ;
; N/A                                     ; 298.15 MHz ( period = 3.354 ns )                    ; count0[7]  ; count0[12] ; clk        ; clk      ; None                        ; None                      ; 3.170 ns                ;
; N/A                                     ; 298.15 MHz ( period = 3.354 ns )                    ; count0[7]  ; count0[11] ; clk        ; clk      ; None                        ; None                      ; 3.170 ns                ;
; N/A                                     ; 298.15 MHz ( period = 3.354 ns )                    ; count0[7]  ; count0[0]  ; clk        ; clk      ; None                        ; None                      ; 3.170 ns                ;
; N/A                                     ; 298.15 MHz ( period = 3.354 ns )                    ; count0[7]  ; count0[4]  ; clk        ; clk      ; None                        ; None                      ; 3.170 ns                ;
; N/A                                     ; 298.15 MHz ( period = 3.354 ns )                    ; count0[7]  ; count0[14] ; clk        ; clk      ; None                        ; None                      ; 3.170 ns                ;
; N/A                                     ; 298.15 MHz ( period = 3.354 ns )                    ; count0[7]  ; count0[3]  ; clk        ; clk      ; None                        ; None                      ; 3.170 ns                ;
; N/A                                     ; 298.15 MHz ( period = 3.354 ns )                    ; count0[7]  ; count0[9]  ; clk        ; clk      ; None                        ; None                      ; 3.170 ns                ;
; N/A                                     ; 298.15 MHz ( period = 3.354 ns )                    ; count0[7]  ; count0[8]  ; clk        ; clk      ; None                        ; None                      ; 3.170 ns                ;
; N/A                                     ; 298.15 MHz ( period = 3.354 ns )                    ; count0[7]  ; count0[10] ; clk        ; clk      ; None                        ; None                      ; 3.170 ns                ;
; N/A                                     ; 298.15 MHz ( period = 3.354 ns )                    ; count0[7]  ; count0[6]  ; clk        ; clk      ; None                        ; None                      ; 3.170 ns                ;
; N/A                                     ; 298.15 MHz ( period = 3.354 ns )                    ; count0[7]  ; count0[5]  ; clk        ; clk      ; None                        ; None                      ; 3.170 ns                ;
; N/A                                     ; 298.15 MHz ( period = 3.354 ns )                    ; count0[7]  ; count0[7]  ; clk        ; clk      ; None                        ; None                      ; 3.170 ns                ;
; N/A                                     ; 298.15 MHz ( period = 3.354 ns )                    ; count0[7]  ; count0[15] ; clk        ; clk      ; None                        ; None                      ; 3.170 ns                ;
; N/A                                     ; 298.15 MHz ( period = 3.354 ns )                    ; count0[7]  ; count0[13] ; clk        ; clk      ; None                        ; None                      ; 3.170 ns                ;
; N/A                                     ; 298.15 MHz ( period = 3.354 ns )                    ; count0[7]  ; count0[1]  ; clk        ; clk      ; None                        ; None                      ; 3.170 ns                ;
; N/A                                     ; 298.15 MHz ( period = 3.354 ns )                    ; count0[7]  ; count0[2]  ; clk        ; clk      ; None                        ; None                      ; 3.170 ns                ;
; N/A                                     ; 299.31 MHz ( period = 3.341 ns )                    ; count0[23] ; count0[12] ; clk        ; clk      ; None                        ; None                      ; 3.162 ns                ;
; N/A                                     ; 299.31 MHz ( period = 3.341 ns )                    ; count0[23] ; count0[11] ; clk        ; clk      ; None                        ; None                      ; 3.162 ns                ;
; N/A                                     ; 299.31 MHz ( period = 3.341 ns )                    ; count0[23] ; count0[0]  ; clk        ; clk      ; None                        ; None                      ; 3.162 ns                ;
; N/A                                     ; 299.31 MHz ( period = 3.341 ns )                    ; count0[23] ; count0[4]  ; clk        ; clk      ; None                        ; None                      ; 3.162 ns                ;
; N/A                                     ; 299.31 MHz ( period = 3.341 ns )                    ; count0[23] ; count0[14] ; clk        ; clk      ; None                        ; None                      ; 3.162 ns                ;
; N/A                                     ; 299.31 MHz ( period = 3.341 ns )                    ; count0[23] ; count0[3]  ; clk        ; clk      ; None                        ; None                      ; 3.162 ns                ;
; N/A                                     ; 299.31 MHz ( period = 3.341 ns )                    ; count0[23] ; count0[9]  ; clk        ; clk      ; None                        ; None                      ; 3.162 ns                ;
; N/A                                     ; 299.31 MHz ( period = 3.341 ns )                    ; count0[23] ; count0[8]  ; clk        ; clk      ; None                        ; None                      ; 3.162 ns                ;
; N/A                                     ; 299.31 MHz ( period = 3.341 ns )                    ; count0[23] ; count0[10] ; clk        ; clk      ; None                        ; None                      ; 3.162 ns                ;
; N/A                                     ; 299.31 MHz ( period = 3.341 ns )                    ; count0[23] ; count0[6]  ; clk        ; clk      ; None                        ; None                      ; 3.162 ns                ;
; N/A                                     ; 299.31 MHz ( period = 3.341 ns )                    ; count0[23] ; count0[5]  ; clk        ; clk      ; None                        ; None                      ; 3.162 ns                ;
; N/A                                     ; 299.31 MHz ( period = 3.341 ns )                    ; count0[23] ; count0[7]  ; clk        ; clk      ; None                        ; None                      ; 3.162 ns                ;
; N/A                                     ; 299.31 MHz ( period = 3.341 ns )                    ; count0[23] ; count0[15] ; clk        ; clk      ; None                        ; None                      ; 3.162 ns                ;
; N/A                                     ; 299.31 MHz ( period = 3.341 ns )                    ; count0[23] ; count0[13] ; clk        ; clk      ; None                        ; None                      ; 3.162 ns                ;
; N/A                                     ; 299.31 MHz ( period = 3.341 ns )                    ; count0[23] ; count0[1]  ; clk        ; clk      ; None                        ; None                      ; 3.162 ns                ;
; N/A                                     ; 299.31 MHz ( period = 3.341 ns )                    ; count0[23] ; count0[2]  ; clk        ; clk      ; None                        ; None                      ; 3.162 ns                ;
; N/A                                     ; 300.66 MHz ( period = 3.326 ns )                    ; count0[15] ; count0[12] ; clk        ; clk      ; None                        ; None                      ; 3.142 ns                ;
; N/A                                     ; 300.66 MHz ( period = 3.326 ns )                    ; count0[15] ; count0[11] ; clk        ; clk      ; None                        ; None                      ; 3.142 ns                ;
; N/A                                     ; 300.66 MHz ( period = 3.326 ns )                    ; count0[15] ; count0[0]  ; clk        ; clk      ; None                        ; None                      ; 3.142 ns                ;
; N/A                                     ; 300.66 MHz ( period = 3.326 ns )                    ; count0[15] ; count0[4]  ; clk        ; clk      ; None                        ; None                      ; 3.142 ns                ;
; N/A                                     ; 300.66 MHz ( period = 3.326 ns )                    ; count0[15] ; count0[14] ; clk        ; clk      ; None                        ; None                      ; 3.142 ns                ;
; N/A                                     ; 300.66 MHz ( period = 3.326 ns )                    ; count0[15] ; count0[3]  ; clk        ; clk      ; None                        ; None                      ; 3.142 ns                ;
; N/A                                     ; 300.66 MHz ( period = 3.326 ns )                    ; count0[15] ; count0[9]  ; clk        ; clk      ; None                        ; None                      ; 3.142 ns                ;
; N/A                                     ; 300.66 MHz ( period = 3.326 ns )                    ; count0[15] ; count0[8]  ; clk        ; clk      ; None                        ; None                      ; 3.142 ns                ;
; N/A                                     ; 300.66 MHz ( period = 3.326 ns )                    ; count0[15] ; count0[10] ; clk        ; clk      ; None                        ; None                      ; 3.142 ns                ;
; N/A                                     ; 300.66 MHz ( period = 3.326 ns )                    ; count0[15] ; count0[6]  ; clk        ; clk      ; None                        ; None                      ; 3.142 ns                ;
; N/A                                     ; 300.66 MHz ( period = 3.326 ns )                    ; count0[15] ; count0[5]  ; clk        ; clk      ; None                        ; None                      ; 3.142 ns                ;
; N/A                                     ; 300.66 MHz ( period = 3.326 ns )                    ; count0[15] ; count0[7]  ; clk        ; clk      ; None                        ; None                      ; 3.142 ns                ;
; N/A                                     ; 300.66 MHz ( period = 3.326 ns )                    ; count0[15] ; count0[15] ; clk        ; clk      ; None                        ; None                      ; 3.142 ns                ;
; N/A                                     ; 300.66 MHz ( period = 3.326 ns )                    ; count0[15] ; count0[13] ; clk        ; clk      ; None                        ; None                      ; 3.142 ns                ;
; N/A                                     ; 300.66 MHz ( period = 3.326 ns )                    ; count0[15] ; count0[1]  ; clk        ; clk      ; None                        ; None                      ; 3.142 ns                ;
; N/A                                     ; 300.66 MHz ( period = 3.326 ns )                    ; count0[15] ; count0[2]  ; clk        ; clk      ; None                        ; None                      ; 3.142 ns                ;
; N/A                                     ; 301.93 MHz ( period = 3.312 ns )                    ; count0[0]  ; count0[12] ; clk        ; clk      ; None                        ; None                      ; 3.128 ns                ;
; N/A                                     ; 301.93 MHz ( period = 3.312 ns )                    ; count0[0]  ; count0[11] ; clk        ; clk      ; None                        ; None                      ; 3.128 ns                ;
; N/A                                     ; 301.93 MHz ( period = 3.312 ns )                    ; count0[0]  ; count0[0]  ; clk        ; clk      ; None                        ; None                      ; 3.128 ns                ;
; N/A                                     ; 301.93 MHz ( period = 3.312 ns )                    ; count0[0]  ; count0[4]  ; clk        ; clk      ; None                        ; None                      ; 3.128 ns                ;
; N/A                                     ; 301.93 MHz ( period = 3.312 ns )                    ; count0[0]  ; count0[14] ; clk        ; clk      ; None                        ; None                      ; 3.128 ns                ;
; N/A                                     ; 301.93 MHz ( period = 3.312 ns )                    ; count0[0]  ; count0[3]  ; clk        ; clk      ; None                        ; None                      ; 3.128 ns                ;
; N/A                                     ; 301.93 MHz ( period = 3.312 ns )                    ; count0[0]  ; count0[9]  ; clk        ; clk      ; None                        ; None                      ; 3.128 ns                ;
; N/A                                     ; 301.93 MHz ( period = 3.312 ns )                    ; count0[0]  ; count0[8]  ; clk        ; clk      ; None                        ; None                      ; 3.128 ns                ;
; N/A                                     ; 301.93 MHz ( period = 3.312 ns )                    ; count0[0]  ; count0[10] ; clk        ; clk      ; None                        ; None                      ; 3.128 ns                ;
; N/A                                     ; 301.93 MHz ( period = 3.312 ns )                    ; count0[0]  ; count0[6]  ; clk        ; clk      ; None                        ; None                      ; 3.128 ns                ;
; N/A                                     ; 301.93 MHz ( period = 3.312 ns )                    ; count0[0]  ; count0[5]  ; clk        ; clk      ; None                        ; None                      ; 3.128 ns                ;
; N/A                                     ; 301.93 MHz ( period = 3.312 ns )                    ; count0[0]  ; count0[7]  ; clk        ; clk      ; None                        ; None                      ; 3.128 ns                ;
; N/A                                     ; 301.93 MHz ( period = 3.312 ns )                    ; count0[0]  ; count0[15] ; clk        ; clk      ; None                        ; None                      ; 3.128 ns                ;
; N/A                                     ; 301.93 MHz ( period = 3.312 ns )                    ; count0[0]  ; count0[13] ; clk        ; clk      ; None                        ; None                      ; 3.128 ns                ;
; N/A                                     ; 301.93 MHz ( period = 3.312 ns )                    ; count0[0]  ; count0[1]  ; clk        ; clk      ; None                        ; None                      ; 3.128 ns                ;
; N/A                                     ; 301.93 MHz ( period = 3.312 ns )                    ; count0[0]  ; count0[2]  ; clk        ; clk      ; None                        ; None                      ; 3.128 ns                ;
; N/A                                     ; 302.85 MHz ( period = 3.302 ns )                    ; count0[6]  ; count0[12] ; clk        ; clk      ; None                        ; None                      ; 3.118 ns                ;
; N/A                                     ; 302.85 MHz ( period = 3.302 ns )                    ; count0[6]  ; count0[11] ; clk        ; clk      ; None                        ; None                      ; 3.118 ns                ;
; N/A                                     ; 302.85 MHz ( period = 3.302 ns )                    ; count0[6]  ; count0[0]  ; clk        ; clk      ; None                        ; None                      ; 3.118 ns                ;
; N/A                                     ; 302.85 MHz ( period = 3.302 ns )                    ; count0[6]  ; count0[4]  ; clk        ; clk      ; None                        ; None                      ; 3.118 ns                ;
; N/A                                     ; 302.85 MHz ( period = 3.302 ns )                    ; count0[6]  ; count0[14] ; clk        ; clk      ; None                        ; None                      ; 3.118 ns                ;
; N/A                                     ; 302.85 MHz ( period = 3.302 ns )                    ; count0[6]  ; count0[3]  ; clk        ; clk      ; None                        ; None                      ; 3.118 ns                ;
; N/A                                     ; 302.85 MHz ( period = 3.302 ns )                    ; count0[6]  ; count0[9]  ; clk        ; clk      ; None                        ; None                      ; 3.118 ns                ;
; N/A                                     ; 302.85 MHz ( period = 3.302 ns )                    ; count0[6]  ; count0[8]  ; clk        ; clk      ; None                        ; None                      ; 3.118 ns                ;
; N/A                                     ; 302.85 MHz ( period = 3.302 ns )                    ; count0[6]  ; count0[10] ; clk        ; clk      ; None                        ; None                      ; 3.118 ns                ;
; N/A                                     ; 302.85 MHz ( period = 3.302 ns )                    ; count0[6]  ; count0[6]  ; clk        ; clk      ; None                        ; None                      ; 3.118 ns                ;
; N/A                                     ; 302.85 MHz ( period = 3.302 ns )                    ; count0[6]  ; count0[5]  ; clk        ; clk      ; None                        ; None                      ; 3.118 ns                ;
; N/A                                     ; 302.85 MHz ( period = 3.302 ns )                    ; count0[6]  ; count0[7]  ; clk        ; clk      ; None                        ; None                      ; 3.118 ns                ;
; N/A                                     ; 302.85 MHz ( period = 3.302 ns )                    ; count0[6]  ; count0[15] ; clk        ; clk      ; None                        ; None                      ; 3.118 ns                ;
; N/A                                     ; 302.85 MHz ( period = 3.302 ns )                    ; count0[6]  ; count0[13] ; clk        ; clk      ; None                        ; None                      ; 3.118 ns                ;
; N/A                                     ; 302.85 MHz ( period = 3.302 ns )                    ; count0[6]  ; count0[1]  ; clk        ; clk      ; None                        ; None                      ; 3.118 ns                ;
; N/A                                     ; 302.85 MHz ( period = 3.302 ns )                    ; count0[6]  ; count0[2]  ; clk        ; clk      ; None                        ; None                      ; 3.118 ns                ;
; N/A                                     ; 305.44 MHz ( period = 3.274 ns )                    ; count0[18] ; count0[12] ; clk        ; clk      ; None                        ; None                      ; 3.095 ns                ;
; N/A                                     ; 305.44 MHz ( period = 3.274 ns )                    ; count0[18] ; count0[11] ; clk        ; clk      ; None                        ; None                      ; 3.095 ns                ;
; N/A                                     ; 305.44 MHz ( period = 3.274 ns )                    ; count0[18] ; count0[0]  ; clk        ; clk      ; None                        ; None                      ; 3.095 ns                ;
; N/A                                     ; 305.44 MHz ( period = 3.274 ns )                    ; count0[18] ; count0[4]  ; clk        ; clk      ; None                        ; None                      ; 3.095 ns                ;
; N/A                                     ; 305.44 MHz ( period = 3.274 ns )                    ; count0[18] ; count0[14] ; clk        ; clk      ; None                        ; None                      ; 3.095 ns                ;
; N/A                                     ; 305.44 MHz ( period = 3.274 ns )                    ; count0[18] ; count0[3]  ; clk        ; clk      ; None                        ; None                      ; 3.095 ns                ;
; N/A                                     ; 305.44 MHz ( period = 3.274 ns )                    ; count0[18] ; count0[9]  ; clk        ; clk      ; None                        ; None                      ; 3.095 ns                ;
; N/A                                     ; 305.44 MHz ( period = 3.274 ns )                    ; count0[18] ; count0[8]  ; clk        ; clk      ; None                        ; None                      ; 3.095 ns                ;
; N/A                                     ; 305.44 MHz ( period = 3.274 ns )                    ; count0[18] ; count0[10] ; clk        ; clk      ; None                        ; None                      ; 3.095 ns                ;
; N/A                                     ; 305.44 MHz ( period = 3.274 ns )                    ; count0[18] ; count0[6]  ; clk        ; clk      ; None                        ; None                      ; 3.095 ns                ;
; N/A                                     ; 305.44 MHz ( period = 3.274 ns )                    ; count0[18] ; count0[5]  ; clk        ; clk      ; None                        ; None                      ; 3.095 ns                ;
; N/A                                     ; 305.44 MHz ( period = 3.274 ns )                    ; count0[18] ; count0[7]  ; clk        ; clk      ; None                        ; None                      ; 3.095 ns                ;
; N/A                                     ; 305.44 MHz ( period = 3.274 ns )                    ; count0[18] ; count0[15] ; clk        ; clk      ; None                        ; None                      ; 3.095 ns                ;
; N/A                                     ; 305.44 MHz ( period = 3.274 ns )                    ; count0[18] ; count0[13] ; clk        ; clk      ; None                        ; None                      ; 3.095 ns                ;
; N/A                                     ; 305.44 MHz ( period = 3.274 ns )                    ; count0[18] ; count0[1]  ; clk        ; clk      ; None                        ; None                      ; 3.095 ns                ;
; N/A                                     ; 305.44 MHz ( period = 3.274 ns )                    ; count0[18] ; count0[2]  ; clk        ; clk      ; None                        ; None                      ; 3.095 ns                ;
; N/A                                     ; 307.03 MHz ( period = 3.257 ns )                    ; count0[24] ; count0[12] ; clk        ; clk      ; None                        ; None                      ; 3.078 ns                ;
; N/A                                     ; 307.03 MHz ( period = 3.257 ns )                    ; count0[24] ; count0[11] ; clk        ; clk      ; None                        ; None                      ; 3.078 ns                ;
; N/A                                     ; 307.03 MHz ( period = 3.257 ns )                    ; count0[24] ; count0[0]  ; clk        ; clk      ; None                        ; None                      ; 3.078 ns                ;
; N/A                                     ; 307.03 MHz ( period = 3.257 ns )                    ; count0[24] ; count0[4]  ; clk        ; clk      ; None                        ; None                      ; 3.078 ns                ;
; N/A                                     ; 307.03 MHz ( period = 3.257 ns )                    ; count0[24] ; count0[14] ; clk        ; clk      ; None                        ; None                      ; 3.078 ns                ;
; N/A                                     ; 307.03 MHz ( period = 3.257 ns )                    ; count0[24] ; count0[3]  ; clk        ; clk      ; None                        ; None                      ; 3.078 ns                ;
; N/A                                     ; 307.03 MHz ( period = 3.257 ns )                    ; count0[24] ; count0[9]  ; clk        ; clk      ; None                        ; None                      ; 3.078 ns                ;
; N/A                                     ; 307.03 MHz ( period = 3.257 ns )                    ; count0[24] ; count0[8]  ; clk        ; clk      ; None                        ; None                      ; 3.078 ns                ;
; N/A                                     ; 307.03 MHz ( period = 3.257 ns )                    ; count0[24] ; count0[10] ; clk        ; clk      ; None                        ; None                      ; 3.078 ns                ;
; N/A                                     ; 307.03 MHz ( period = 3.257 ns )                    ; count0[24] ; count0[6]  ; clk        ; clk      ; None                        ; None                      ; 3.078 ns                ;
; N/A                                     ; 307.03 MHz ( period = 3.257 ns )                    ; count0[24] ; count0[5]  ; clk        ; clk      ; None                        ; None                      ; 3.078 ns                ;
; N/A                                     ; 307.03 MHz ( period = 3.257 ns )                    ; count0[24] ; count0[7]  ; clk        ; clk      ; None                        ; None                      ; 3.078 ns                ;
; N/A                                     ; 307.03 MHz ( period = 3.257 ns )                    ; count0[24] ; count0[15] ; clk        ; clk      ; None                        ; None                      ; 3.078 ns                ;
; N/A                                     ; 307.03 MHz ( period = 3.257 ns )                    ; count0[24] ; count0[13] ; clk        ; clk      ; None                        ; None                      ; 3.078 ns                ;
; N/A                                     ; 307.03 MHz ( period = 3.257 ns )                    ; count0[24] ; count0[1]  ; clk        ; clk      ; None                        ; None                      ; 3.078 ns                ;
; N/A                                     ; 307.03 MHz ( period = 3.257 ns )                    ; count0[24] ; count0[2]  ; clk        ; clk      ; None                        ; None                      ; 3.078 ns                ;
; N/A                                     ; 308.36 MHz ( period = 3.243 ns )                    ; count0[28] ; count0[12] ; clk        ; clk      ; None                        ; None                      ; 3.064 ns                ;
; N/A                                     ; 308.36 MHz ( period = 3.243 ns )                    ; count0[28] ; count0[11] ; clk        ; clk      ; None                        ; None                      ; 3.064 ns                ;
; N/A                                     ; 308.36 MHz ( period = 3.243 ns )                    ; count0[28] ; count0[0]  ; clk        ; clk      ; None                        ; None                      ; 3.064 ns                ;
; N/A                                     ; 308.36 MHz ( period = 3.243 ns )                    ; count0[28] ; count0[4]  ; clk        ; clk      ; None                        ; None                      ; 3.064 ns                ;
; N/A                                     ; 308.36 MHz ( period = 3.243 ns )                    ; count0[28] ; count0[14] ; clk        ; clk      ; None                        ; None                      ; 3.064 ns                ;
; N/A                                     ; 308.36 MHz ( period = 3.243 ns )                    ; count0[28] ; count0[3]  ; clk        ; clk      ; None                        ; None                      ; 3.064 ns                ;
; N/A                                     ; 308.36 MHz ( period = 3.243 ns )                    ; count0[28] ; count0[9]  ; clk        ; clk      ; None                        ; None                      ; 3.064 ns                ;
; N/A                                     ; 308.36 MHz ( period = 3.243 ns )                    ; count0[28] ; count0[8]  ; clk        ; clk      ; None                        ; None                      ; 3.064 ns                ;
; N/A                                     ; 308.36 MHz ( period = 3.243 ns )                    ; count0[28] ; count0[10] ; clk        ; clk      ; None                        ; None                      ; 3.064 ns                ;
; N/A                                     ; 308.36 MHz ( period = 3.243 ns )                    ; count0[28] ; count0[6]  ; clk        ; clk      ; None                        ; None                      ; 3.064 ns                ;
; N/A                                     ; 308.36 MHz ( period = 3.243 ns )                    ; count0[28] ; count0[5]  ; clk        ; clk      ; None                        ; None                      ; 3.064 ns                ;
; N/A                                     ; 308.36 MHz ( period = 3.243 ns )                    ; count0[28] ; count0[7]  ; clk        ; clk      ; None                        ; None                      ; 3.064 ns                ;
; N/A                                     ; 308.36 MHz ( period = 3.243 ns )                    ; count0[28] ; count0[15] ; clk        ; clk      ; None                        ; None                      ; 3.064 ns                ;
; N/A                                     ; 308.36 MHz ( period = 3.243 ns )                    ; count0[28] ; count0[13] ; clk        ; clk      ; None                        ; None                      ; 3.064 ns                ;
; N/A                                     ; 308.36 MHz ( period = 3.243 ns )                    ; count0[28] ; count0[1]  ; clk        ; clk      ; None                        ; None                      ; 3.064 ns                ;
; N/A                                     ; 308.36 MHz ( period = 3.243 ns )                    ; count0[28] ; count0[2]  ; clk        ; clk      ; None                        ; None                      ; 3.064 ns                ;
; N/A                                     ; 310.17 MHz ( period = 3.224 ns )                    ; count0[13] ; count0[28] ; clk        ; clk      ; None                        ; None                      ; 3.035 ns                ;
; N/A                                     ; 310.17 MHz ( period = 3.224 ns )                    ; count0[13] ; count0[19] ; clk        ; clk      ; None                        ; None                      ; 3.035 ns                ;
; N/A                                     ; 310.17 MHz ( period = 3.224 ns )                    ; count0[13] ; count0[21] ; clk        ; clk      ; None                        ; None                      ; 3.035 ns                ;
; N/A                                     ; 310.17 MHz ( period = 3.224 ns )                    ; count0[13] ; count0[25] ; clk        ; clk      ; None                        ; None                      ; 3.035 ns                ;
; N/A                                     ; 310.17 MHz ( period = 3.224 ns )                    ; count0[13] ; count0[29] ; clk        ; clk      ; None                        ; None                      ; 3.035 ns                ;
; N/A                                     ; 310.17 MHz ( period = 3.224 ns )                    ; count0[13] ; count0[31] ; clk        ; clk      ; None                        ; None                      ; 3.035 ns                ;
; N/A                                     ; 310.17 MHz ( period = 3.224 ns )                    ; count0[13] ; count0[26] ; clk        ; clk      ; None                        ; None                      ; 3.035 ns                ;
; N/A                                     ; 310.17 MHz ( period = 3.224 ns )                    ; count0[13] ; count0[22] ; clk        ; clk      ; None                        ; None                      ; 3.035 ns                ;
; N/A                                     ; 310.17 MHz ( period = 3.224 ns )                    ; count0[13] ; count0[23] ; clk        ; clk      ; None                        ; None                      ; 3.035 ns                ;
; N/A                                     ; 310.17 MHz ( period = 3.224 ns )                    ; count0[13] ; count0[18] ; clk        ; clk      ; None                        ; None                      ; 3.035 ns                ;
; N/A                                     ; 310.17 MHz ( period = 3.224 ns )                    ; count0[13] ; count0[30] ; clk        ; clk      ; None                        ; None                      ; 3.035 ns                ;
; N/A                                     ; 310.17 MHz ( period = 3.224 ns )                    ; count0[13] ; count0[16] ; clk        ; clk      ; None                        ; None                      ; 3.035 ns                ;
; N/A                                     ; 310.17 MHz ( period = 3.224 ns )                    ; count0[13] ; count0[27] ; clk        ; clk      ; None                        ; None                      ; 3.035 ns                ;
; N/A                                     ; 310.17 MHz ( period = 3.224 ns )                    ; count0[13] ; count0[17] ; clk        ; clk      ; None                        ; None                      ; 3.035 ns                ;
; N/A                                     ; 310.17 MHz ( period = 3.224 ns )                    ; count0[13] ; count0[24] ; clk        ; clk      ; None                        ; None                      ; 3.035 ns                ;
; N/A                                     ; 310.17 MHz ( period = 3.224 ns )                    ; count0[13] ; count0[20] ; clk        ; clk      ; None                        ; None                      ; 3.035 ns                ;
; N/A                                     ; 311.72 MHz ( period = 3.208 ns )                    ; count0[29] ; count0[12] ; clk        ; clk      ; None                        ; None                      ; 3.029 ns                ;
; N/A                                     ; 311.72 MHz ( period = 3.208 ns )                    ; count0[29] ; count0[11] ; clk        ; clk      ; None                        ; None                      ; 3.029 ns                ;
; N/A                                     ; 311.72 MHz ( period = 3.208 ns )                    ; count0[29] ; count0[0]  ; clk        ; clk      ; None                        ; None                      ; 3.029 ns                ;
; N/A                                     ; 311.72 MHz ( period = 3.208 ns )                    ; count0[29] ; count0[4]  ; clk        ; clk      ; None                        ; None                      ; 3.029 ns                ;
; N/A                                     ; 311.72 MHz ( period = 3.208 ns )                    ; count0[29] ; count0[14] ; clk        ; clk      ; None                        ; None                      ; 3.029 ns                ;
; N/A                                     ; 311.72 MHz ( period = 3.208 ns )                    ; count0[29] ; count0[3]  ; clk        ; clk      ; None                        ; None                      ; 3.029 ns                ;
; N/A                                     ; 311.72 MHz ( period = 3.208 ns )                    ; count0[29] ; count0[9]  ; clk        ; clk      ; None                        ; None                      ; 3.029 ns                ;
; N/A                                     ; 311.72 MHz ( period = 3.208 ns )                    ; count0[29] ; count0[8]  ; clk        ; clk      ; None                        ; None                      ; 3.029 ns                ;
; N/A                                     ; 311.72 MHz ( period = 3.208 ns )                    ; count0[29] ; count0[10] ; clk        ; clk      ; None                        ; None                      ; 3.029 ns                ;
; N/A                                     ; 311.72 MHz ( period = 3.208 ns )                    ; count0[29] ; count0[6]  ; clk        ; clk      ; None                        ; None                      ; 3.029 ns                ;
; N/A                                     ; 311.72 MHz ( period = 3.208 ns )                    ; count0[29] ; count0[5]  ; clk        ; clk      ; None                        ; None                      ; 3.029 ns                ;
; N/A                                     ; 311.72 MHz ( period = 3.208 ns )                    ; count0[29] ; count0[7]  ; clk        ; clk      ; None                        ; None                      ; 3.029 ns                ;
; N/A                                     ; 311.72 MHz ( period = 3.208 ns )                    ; count0[29] ; count0[15] ; clk        ; clk      ; None                        ; None                      ; 3.029 ns                ;
; N/A                                     ; 311.72 MHz ( period = 3.208 ns )                    ; count0[29] ; count0[13] ; clk        ; clk      ; None                        ; None                      ; 3.029 ns                ;
; N/A                                     ; 311.72 MHz ( period = 3.208 ns )                    ; count0[29] ; count0[1]  ; clk        ; clk      ; None                        ; None                      ; 3.029 ns                ;
; N/A                                     ; 311.72 MHz ( period = 3.208 ns )                    ; count0[29] ; count0[2]  ; clk        ; clk      ; None                        ; None                      ; 3.029 ns                ;
; N/A                                     ; 311.82 MHz ( period = 3.207 ns )                    ; count0[2]  ; count0[12] ; clk        ; clk      ; None                        ; None                      ; 3.023 ns                ;
; N/A                                     ; 311.82 MHz ( period = 3.207 ns )                    ; count0[2]  ; count0[11] ; clk        ; clk      ; None                        ; None                      ; 3.023 ns                ;
; N/A                                     ; 311.82 MHz ( period = 3.207 ns )                    ; count0[2]  ; count0[0]  ; clk        ; clk      ; None                        ; None                      ; 3.023 ns                ;
; N/A                                     ; 311.82 MHz ( period = 3.207 ns )                    ; count0[2]  ; count0[4]  ; clk        ; clk      ; None                        ; None                      ; 3.023 ns                ;
; N/A                                     ; 311.82 MHz ( period = 3.207 ns )                    ; count0[2]  ; count0[14] ; clk        ; clk      ; None                        ; None                      ; 3.023 ns                ;
; N/A                                     ; 311.82 MHz ( period = 3.207 ns )                    ; count0[2]  ; count0[3]  ; clk        ; clk      ; None                        ; None                      ; 3.023 ns                ;
; N/A                                     ; 311.82 MHz ( period = 3.207 ns )                    ; count0[2]  ; count0[9]  ; clk        ; clk      ; None                        ; None                      ; 3.023 ns                ;
; N/A                                     ; 311.82 MHz ( period = 3.207 ns )                    ; count0[2]  ; count0[8]  ; clk        ; clk      ; None                        ; None                      ; 3.023 ns                ;
; N/A                                     ; 311.82 MHz ( period = 3.207 ns )                    ; count0[2]  ; count0[10] ; clk        ; clk      ; None                        ; None                      ; 3.023 ns                ;
; N/A                                     ; 311.82 MHz ( period = 3.207 ns )                    ; count0[2]  ; count0[6]  ; clk        ; clk      ; None                        ; None                      ; 3.023 ns                ;
; N/A                                     ; 311.82 MHz ( period = 3.207 ns )                    ; count0[2]  ; count0[5]  ; clk        ; clk      ; None                        ; None                      ; 3.023 ns                ;
; N/A                                     ; 311.82 MHz ( period = 3.207 ns )                    ; count0[2]  ; count0[7]  ; clk        ; clk      ; None                        ; None                      ; 3.023 ns                ;
; N/A                                     ; 311.82 MHz ( period = 3.207 ns )                    ; count0[2]  ; count0[15] ; clk        ; clk      ; None                        ; None                      ; 3.023 ns                ;
; N/A                                     ; 311.82 MHz ( period = 3.207 ns )                    ; count0[2]  ; count0[13] ; clk        ; clk      ; None                        ; None                      ; 3.023 ns                ;
; N/A                                     ; 311.82 MHz ( period = 3.207 ns )                    ; count0[2]  ; count0[1]  ; clk        ; clk      ; None                        ; None                      ; 3.023 ns                ;
; N/A                                     ; 311.82 MHz ( period = 3.207 ns )                    ; count0[2]  ; count0[2]  ; clk        ; clk      ; None                        ; None                      ; 3.023 ns                ;
; N/A                                     ; 311.92 MHz ( period = 3.206 ns )                    ; count0[17] ; count0[8]  ; clk        ; clk      ; None                        ; None                      ; 3.027 ns                ;
; N/A                                     ; 311.92 MHz ( period = 3.206 ns )                    ; count0[17] ; count0[10] ; clk        ; clk      ; None                        ; None                      ; 3.027 ns                ;
; N/A                                     ; 311.92 MHz ( period = 3.206 ns )                    ; count0[17] ; count0[6]  ; clk        ; clk      ; None                        ; None                      ; 3.027 ns                ;
; N/A                                     ; 311.92 MHz ( period = 3.206 ns )                    ; count0[17] ; count0[5]  ; clk        ; clk      ; None                        ; None                      ; 3.027 ns                ;
; N/A                                     ; 311.92 MHz ( period = 3.206 ns )                    ; count0[17] ; count0[7]  ; clk        ; clk      ; None                        ; None                      ; 3.027 ns                ;
; N/A                                     ; 311.92 MHz ( period = 3.206 ns )                    ; count0[17] ; count0[15] ; clk        ; clk      ; None                        ; None                      ; 3.027 ns                ;
; N/A                                     ; 311.92 MHz ( period = 3.206 ns )                    ; count0[17] ; count0[13] ; clk        ; clk      ; None                        ; None                      ; 3.027 ns                ;
; N/A                                     ; 311.92 MHz ( period = 3.206 ns )                    ; count0[17] ; count0[1]  ; clk        ; clk      ; None                        ; None                      ; 3.027 ns                ;
; Timing analysis restricted to 200 rows. ; To change the limit use Settings (Assignments menu) ;            ;            ;            ;          ;                             ;                           ;                         ;
+-----------------------------------------+-----------------------------------------------------+------------+------------+------------+----------+-----------------------------+---------------------------+-------------------------+


+---------------------------------------------------------------------+
; tsu                                                                 ;
+-------+--------------+------------+--------+-------------+----------+
; Slack ; Required tsu ; Actual tsu ; From   ; To          ; To Clock ;
+-------+--------------+------------+--------+-------------+----------+
; N/A   ; None         ; 4.129 ns   ; clr    ; count0[12]  ; clk      ;
; N/A   ; None         ; 4.129 ns   ; clr    ; count0[11]  ; clk      ;
; N/A   ; None         ; 4.129 ns   ; clr    ; count0[0]   ; clk      ;
; N/A   ; None         ; 4.129 ns   ; clr    ; count0[4]   ; clk      ;
; N/A   ; None         ; 4.129 ns   ; clr    ; count0[14]  ; clk      ;
; N/A   ; None         ; 4.129 ns   ; clr    ; count0[3]   ; clk      ;
; N/A   ; None         ; 4.129 ns   ; clr    ; count0[9]   ; clk      ;
; N/A   ; None         ; 4.129 ns   ; clr    ; count0[8]   ; clk      ;
; N/A   ; None         ; 4.129 ns   ; clr    ; count0[10]  ; clk      ;
; N/A   ; None         ; 4.129 ns   ; clr    ; count0[6]   ; clk      ;
; N/A   ; None         ; 4.129 ns   ; clr    ; count0[5]   ; clk      ;
; N/A   ; None         ; 4.129 ns   ; clr    ; count0[7]   ; clk      ;
; N/A   ; None         ; 4.129 ns   ; clr    ; count0[15]  ; clk      ;
; N/A   ; None         ; 4.129 ns   ; clr    ; count0[13]  ; clk      ;
; N/A   ; None         ; 4.129 ns   ; clr    ; count0[1]   ; clk      ;
; N/A   ; None         ; 4.129 ns   ; clr    ; count0[2]   ; clk      ;
; N/A   ; None         ; 3.965 ns   ; clr    ; count0[28]  ; clk      ;
; N/A   ; None         ; 3.965 ns   ; clr    ; count0[19]  ; clk      ;
; N/A   ; None         ; 3.965 ns   ; clr    ; count0[21]  ; clk      ;
; N/A   ; None         ; 3.965 ns   ; clr    ; count0[25]  ; clk      ;
; N/A   ; None         ; 3.965 ns   ; clr    ; count0[29]  ; clk      ;
; N/A   ; None         ; 3.965 ns   ; clr    ; count0[31]  ; clk      ;
; N/A   ; None         ; 3.965 ns   ; clr    ; count0[26]  ; clk      ;
; N/A   ; None         ; 3.965 ns   ; clr    ; count0[22]  ; clk      ;
; N/A   ; None         ; 3.965 ns   ; clr    ; count0[23]  ; clk      ;
; N/A   ; None         ; 3.965 ns   ; clr    ; count0[18]  ; clk      ;
; N/A   ; None         ; 3.965 ns   ; clr    ; count0[30]  ; clk      ;
; N/A   ; None         ; 3.965 ns   ; clr    ; count0[16]  ; clk      ;
; N/A   ; None         ; 3.965 ns   ; clr    ; count0[27]  ; clk      ;
; N/A   ; None         ; 3.965 ns   ; clr    ; count0[17]  ; clk      ;
; N/A   ; None         ; 3.965 ns   ; clr    ; count0[24]  ; clk      ;
; N/A   ; None         ; 3.965 ns   ; clr    ; count0[20]  ; clk      ;
; N/A   ; None         ; 3.766 ns   ; codein ; count0[12]  ; clk      ;
; N/A   ; None         ; 3.766 ns   ; codein ; count0[11]  ; clk      ;
; N/A   ; None         ; 3.766 ns   ; codein ; count0[0]   ; clk      ;
; N/A   ; None         ; 3.766 ns   ; codein ; count0[4]   ; clk      ;
; N/A   ; None         ; 3.766 ns   ; codein ; count0[14]  ; clk      ;
; N/A   ; None         ; 3.766 ns   ; codein ; count0[3]   ; clk      ;
; N/A   ; None         ; 3.766 ns   ; codein ; count0[9]   ; clk      ;
; N/A   ; None         ; 3.766 ns   ; codein ; count0[8]   ; clk      ;
; N/A   ; None         ; 3.766 ns   ; codein ; count0[10]  ; clk      ;
; N/A   ; None         ; 3.766 ns   ; codein ; count0[6]   ; clk      ;
; N/A   ; None         ; 3.766 ns   ; codein ; count0[5]   ; clk      ;
; N/A   ; None         ; 3.766 ns   ; codein ; count0[7]   ; clk      ;
; N/A   ; None         ; 3.766 ns   ; codein ; count0[15]  ; clk      ;
; N/A   ; None         ; 3.766 ns   ; codein ; count0[13]  ; clk      ;
; N/A   ; None         ; 3.766 ns   ; codein ; count0[1]   ; clk      ;
; N/A   ; None         ; 3.766 ns   ; codein ; count0[2]   ; clk      ;
; N/A   ; None         ; 3.602 ns   ; codein ; count0[28]  ; clk      ;
; N/A   ; None         ; 3.602 ns   ; codein ; count0[19]  ; clk      ;
; N/A   ; None         ; 3.602 ns   ; codein ; count0[21]  ; clk      ;
; N/A   ; None         ; 3.602 ns   ; codein ; count0[25]  ; clk      ;
; N/A   ; None         ; 3.602 ns   ; codein ; count0[29]  ; clk      ;
; N/A   ; None         ; 3.602 ns   ; codein ; count0[31]  ; clk      ;
; N/A   ; None         ; 3.602 ns   ; codein ; count0[26]  ; clk      ;
; N/A   ; None         ; 3.602 ns   ; codein ; count0[22]  ; clk      ;
; N/A   ; None         ; 3.602 ns   ; codein ; count0[23]  ; clk      ;
; N/A   ; None         ; 3.602 ns   ; codein ; count0[18]  ; clk      ;
; N/A   ; None         ; 3.602 ns   ; codein ; count0[30]  ; clk      ;
; N/A   ; None         ; 3.602 ns   ; codein ; count0[16]  ; clk      ;
; N/A   ; None         ; 3.602 ns   ; codein ; count0[27]  ; clk      ;
; N/A   ; None         ; 3.602 ns   ; codein ; count0[17]  ; clk      ;
; N/A   ; None         ; 3.602 ns   ; codein ; count0[24]  ; clk      ;
; N/A   ; None         ; 3.602 ns   ; codein ; count0[20]  ; clk      ;
; N/A   ; None         ; 3.188 ns   ; clr    ; codeoutv[1] ; clk      ;
; N/A   ; None         ; 3.184 ns   ; clr    ; codeoutv[0] ; clk      ;
; N/A   ; None         ; 2.789 ns   ; codein ; codeoutv[1] ; clk      ;
; N/A   ; None         ; 2.578 ns   ; codein ; codeoutv[0] ; clk      ;
+-------+--------------+------------+--------+-------------+----------+


+-------------------------------------------------------------------------------+
; tco                                                                           ;
+-------+--------------+------------+-----------------+------------+------------+
; Slack ; Required tco ; Actual tco ; From            ; To         ; From Clock ;
+-------+--------------+------------+-----------------+------------+------------+
; N/A   ; None         ; 5.593 ns   ; codeout[0]~reg0 ; codeout[0] ; clk        ;
; N/A   ; None         ; 5.427 ns   ; codeout[1]~reg0 ; codeout[1] ; clk        ;
+-------+--------------+------------+-----------------+------------+------------+


+---------------------------------------------------------------------------+
; th                                                                        ;
+---------------+-------------+-----------+--------+-------------+----------+
; Minimum Slack ; Required th ; Actual th ; From   ; To          ; To Clock ;
+---------------+-------------+-----------+--------+-------------+----------+
; N/A           ; None        ; -2.339 ns ; codein ; codeoutv[0] ; clk      ;
; N/A           ; None        ; -2.550 ns ; codein ; codeoutv[1] ; clk      ;
; N/A           ; None        ; -2.945 ns ; clr    ; codeoutv[0] ; clk      ;
; N/A           ; None        ; -2.949 ns ; clr    ; codeoutv[1] ; clk      ;
; N/A           ; None        ; -3.363 ns ; codein ; count0[28]  ; clk      ;
; N/A           ; None        ; -3.363 ns ; codein ; count0[19]  ; clk      ;
; N/A           ; None        ; -3.363 ns ; codein ; count0[21]  ; clk      ;
; N/A           ; None        ; -3.363 ns ; codein ; count0[25]  ; clk      ;
; N/A           ; None        ; -3.363 ns ; codein ; count0[29]  ; clk      ;
; N/A           ; None        ; -3.363 ns ; codein ; count0[31]  ; clk      ;
; N/A           ; None        ; -3.363 ns ; codein ; count0[26]  ; clk      ;
; N/A           ; None        ; -3.363 ns ; codein ; count0[22]  ; clk      ;
; N/A           ; None        ; -3.363 ns ; codein ; count0[23]  ; clk      ;
; N/A           ; None        ; -3.363 ns ; codein ; count0[18]  ; clk      ;
; N/A           ; None        ; -3.363 ns ; codein ; count0[30]  ; clk      ;
; N/A           ; None        ; -3.363 ns ; codein ; count0[16]  ; clk      ;
; N/A           ; None        ; -3.363 ns ; codein ; count0[27]  ; clk      ;
; N/A           ; None        ; -3.363 ns ; codein ; count0[17]  ; clk      ;
; N/A           ; None        ; -3.363 ns ; codein ; count0[24]  ; clk      ;
; N/A           ; None        ; -3.363 ns ; codein ; count0[20]  ; clk      ;
; N/A           ; None        ; -3.527 ns ; codein ; count0[12]  ; clk      ;
; N/A           ; None        ; -3.527 ns ; codein ; count0[11]  ; clk      ;
; N/A           ; None        ; -3.527 ns ; codein ; count0[0]   ; clk      ;
; N/A           ; None        ; -3.527 ns ; codein ; count0[4]   ; clk      ;
; N/A           ; None        ; -3.527 ns ; codein ; count0[14]  ; clk      ;
; N/A           ; None        ; -3.527 ns ; codein ; count0[3]   ; clk      ;
; N/A           ; None        ; -3.527 ns ; codein ; count0[9]   ; clk      ;
; N/A           ; None        ; -3.527 ns ; codein ; count0[8]   ; clk      ;
; N/A           ; None        ; -3.527 ns ; codein ; count0[10]  ; clk      ;
; N/A           ; None        ; -3.527 ns ; codein ; count0[6]   ; clk      ;
; N/A           ; None        ; -3.527 ns ; codein ; count0[5]   ; clk      ;
; N/A           ; None        ; -3.527 ns ; codein ; count0[7]   ; clk      ;
; N/A           ; None        ; -3.527 ns ; codein ; count0[15]  ; clk      ;
; N/A           ; None        ; -3.527 ns ; codein ; count0[13]  ; clk      ;
; N/A           ; None        ; -3.527 ns ; codein ; count0[1]   ; clk      ;
; N/A           ; None        ; -3.527 ns ; codein ; count0[2]   ; clk      ;
; N/A           ; None        ; -3.726 ns ; clr    ; count0[28]  ; clk      ;
; N/A           ; None        ; -3.726 ns ; clr    ; count0[19]  ; clk      ;
; N/A           ; None        ; -3.726 ns ; clr    ; count0[21]  ; clk      ;
; N/A           ; None        ; -3.726 ns ; clr    ; count0[25]  ; clk      ;
; N/A           ; None        ; -3.726 ns ; clr    ; count0[29]  ; clk      ;
; N/A           ; None        ; -3.726 ns ; clr    ; count0[31]  ; clk      ;
; N/A           ; None        ; -3.726 ns ; clr    ; count0[26]  ; clk      ;
; N/A           ; None        ; -3.726 ns ; clr    ; count0[22]  ; clk      ;
; N/A           ; None        ; -3.726 ns ; clr    ; count0[23]  ; clk      ;
; N/A           ; None        ; -3.726 ns ; clr    ; count0[18]  ; clk      ;
; N/A           ; None        ; -3.726 ns ; clr    ; count0[30]  ; clk      ;
; N/A           ; None        ; -3.726 ns ; clr    ; count0[16]  ; clk      ;
; N/A           ; None        ; -3.726 ns ; clr    ; count0[27]  ; clk      ;
; N/A           ; None        ; -3.726 ns ; clr    ; count0[17]  ; clk      ;
; N/A           ; None        ; -3.726 ns ; clr    ; count0[24]  ; clk      ;
; N/A           ; None        ; -3.726 ns ; clr    ; count0[20]  ; clk      ;
; N/A           ; None        ; -3.890 ns ; clr    ; count0[12]  ; clk      ;
; N/A           ; None        ; -3.890 ns ; clr    ; count0[11]  ; clk      ;
; N/A           ; None        ; -3.890 ns ; clr    ; count0[0]   ; clk      ;
; N/A           ; None        ; -3.890 ns ; clr    ; count0[4]   ; clk      ;
; N/A           ; None        ; -3.890 ns ; clr    ; count0[14]  ; clk      ;
; N/A           ; None        ; -3.890 ns ; clr    ; count0[3]   ; clk      ;
; N/A           ; None        ; -3.890 ns ; clr    ; count0[9]   ; clk      ;
; N/A           ; None        ; -3.890 ns ; clr    ; count0[8]   ; clk      ;
; N/A           ; None        ; -3.890 ns ; clr    ; count0[10]  ; clk      ;
; N/A           ; None        ; -3.890 ns ; clr    ; count0[6]   ; clk      ;
; N/A           ; None        ; -3.890 ns ; clr    ; count0[5]   ; clk      ;
; N/A           ; None        ; -3.890 ns ; clr    ; count0[7]   ; clk      ;
; N/A           ; None        ; -3.890 ns ; clr    ; count0[15]  ; clk      ;
; N/A           ; None        ; -3.890 ns ; clr    ; count0[13]  ; clk      ;
; N/A           ; None        ; -3.890 ns ; clr    ; count0[1]   ; clk      ;
; N/A           ; None        ; -3.890 ns ; clr    ; count0[2]   ; clk      ;
+---------------+-------------+-----------+--------+-------------+----------+


+--------------------------+
; Timing Analyzer Messages ;
+--------------------------+
Info: *******************************************************************
Info: Running Quartus II Classic Timing Analyzer
    Info: Version 9.0 Build 235 06/17/2009 Service Pack 2 SJ Web Edition
    Info: Processing started: Mon Jun 28 19:12:03 2021
Info: Command: quartus_tan --read_settings_files=off --write_settings_files=off HDB3 -c HDB3 --timing_analysis_only
Warning: Found pins functioning as undefined clocks and/or memory enables
    Info: Assuming node "clk" is an undefined clock
Info: Clock "clk" has Internal fmax of 295.16 MHz between source register "count0[13]" and destination register "count0[12]" (period= 3.388 ns)
    Info: + Longest register to register delay is 3.204 ns
        Info: 1: + IC(0.000 ns) + CELL(0.000 ns) = 0.000 ns; Loc. = LCFF_X34_Y21_N27; Fanout = 3; REG Node = 'count0[13]'
        Info: 2: + IC(0.750 ns) + CELL(0.154 ns) = 0.904 ns; Loc. = LCCOMB_X33_Y20_N2; Fanout = 1; COMB Node = 'Equal0~4'
        Info: 3: + IC(0.520 ns) + CELL(0.154 ns) = 1.578 ns; Loc. = LCCOMB_X37_Y20_N26; Fanout = 1; COMB Node = 'Equal0~5'
        Info: 4: + IC(0.210 ns) + CELL(0.053 ns) = 1.841 ns; Loc. = LCCOMB_X37_Y20_N30; Fanout = 3; COMB Node = 'Equal0~6'
        Info: 5: + IC(0.221 ns) + CELL(0.053 ns) = 2.115 ns; Loc. = LCCOMB_X37_Y20_N14; Fanout = 32; COMB Node = 'count0[29]~96'
        Info: 6: + IC(0.692 ns) + CELL(0.397 ns) = 3.204 ns; Loc. = LCFF_X34_Y21_N25; Fanout = 3; REG Node = 'count0[12]'
        Info: Total cell delay = 0.811 ns ( 25.31 % )
        Info: Total interconnect delay = 2.393 ns ( 74.69 % )
    Info: - Smallest clock skew is 0.000 ns
        Info: + Shortest clock path from clock "clk" to destination register is 2.487 ns
            Info: 1: + IC(0.000 ns) + CELL(0.854 ns) = 0.854 ns; Loc. = PIN_N20; Fanout = 1; CLK Node = 'clk'
            Info: 2: + IC(0.343 ns) + CELL(0.000 ns) = 1.197 ns; Loc. = CLKCTRL_G3; Fanout = 47; COMB Node = 'clk~clkctrl'
            Info: 3: + IC(0.672 ns) + CELL(0.618 ns) = 2.487 ns; Loc. = LCFF_X34_Y21_N25; Fanout = 3; REG Node = 'count0[12]'
            Info: Total cell delay = 1.472 ns ( 59.19 % )
            Info: Total interconnect delay = 1.015 ns ( 40.81 % )
        Info: - Longest clock path from clock "clk" to source register is 2.487 ns
            Info: 1: + IC(0.000 ns) + CELL(0.854 ns) = 0.854 ns; Loc. = PIN_N20; Fanout = 1; CLK Node = 'clk'
            Info: 2: + IC(0.343 ns) + CELL(0.000 ns) = 1.197 ns; Loc. = CLKCTRL_G3; Fanout = 47; COMB Node = 'clk~clkctrl'
            Info: 3: + IC(0.672 ns) + CELL(0.618 ns) = 2.487 ns; Loc. = LCFF_X34_Y21_N27; Fanout = 3; REG Node = 'count0[13]'
            Info: Total cell delay = 1.472 ns ( 59.19 % )
            Info: Total interconnect delay = 1.015 ns ( 40.81 % )
    Info: + Micro clock to output delay of source is 0.094 ns
    Info: + Micro setup delay of destination is 0.090 ns
Info: tsu for register "count0[12]" (data pin = "clr", clock pin = "clk") is 4.129 ns
    Info: + Longest pin to register delay is 6.526 ns
        Info: 1: + IC(0.000 ns) + CELL(0.827 ns) = 0.827 ns; Loc. = PIN_D8; Fanout = 3; PIN Node = 'clr'
        Info: 2: + IC(4.232 ns) + CELL(0.378 ns) = 5.437 ns; Loc. = LCCOMB_X37_Y20_N14; Fanout = 32; COMB Node = 'count0[29]~96'
        Info: 3: + IC(0.692 ns) + CELL(0.397 ns) = 6.526 ns; Loc. = LCFF_X34_Y21_N25; Fanout = 3; REG Node = 'count0[12]'
        Info: Total cell delay = 1.602 ns ( 24.55 % )
        Info: Total interconnect delay = 4.924 ns ( 75.45 % )
    Info: + Micro setup delay of destination is 0.090 ns
    Info: - Shortest clock path from clock "clk" to destination register is 2.487 ns
        Info: 1: + IC(0.000 ns) + CELL(0.854 ns) = 0.854 ns; Loc. = PIN_N20; Fanout = 1; CLK Node = 'clk'
        Info: 2: + IC(0.343 ns) + CELL(0.000 ns) = 1.197 ns; Loc. = CLKCTRL_G3; Fanout = 47; COMB Node = 'clk~clkctrl'
        Info: 3: + IC(0.672 ns) + CELL(0.618 ns) = 2.487 ns; Loc. = LCFF_X34_Y21_N25; Fanout = 3; REG Node = 'count0[12]'
        Info: Total cell delay = 1.472 ns ( 59.19 % )
        Info: Total interconnect delay = 1.015 ns ( 40.81 % )
Info: tco from clock "clk" to destination pin "codeout[0]" through register "codeout[0]~reg0" is 5.593 ns
    Info: + Longest clock path from clock "clk" to source register is 2.485 ns
        Info: 1: + IC(0.000 ns) + CELL(0.854 ns) = 0.854 ns; Loc. = PIN_N20; Fanout = 1; CLK Node = 'clk'
        Info: 2: + IC(0.343 ns) + CELL(0.000 ns) = 1.197 ns; Loc. = CLKCTRL_G3; Fanout = 47; COMB Node = 'clk~clkctrl'
        Info: 3: + IC(0.670 ns) + CELL(0.618 ns) = 2.485 ns; Loc. = LCFF_X37_Y20_N3; Fanout = 1; REG Node = 'codeout[0]~reg0'
        Info: Total cell delay = 1.472 ns ( 59.24 % )
        Info: Total interconnect delay = 1.013 ns ( 40.76 % )
    Info: + Micro clock to output delay of source is 0.094 ns
    Info: + Longest register to pin delay is 3.014 ns
        Info: 1: + IC(0.000 ns) + CELL(0.000 ns) = 0.000 ns; Loc. = LCFF_X37_Y20_N3; Fanout = 1; REG Node = 'codeout[0]~reg0'
        Info: 2: + IC(1.062 ns) + CELL(1.952 ns) = 3.014 ns; Loc. = PIN_E9; Fanout = 0; PIN Node = 'codeout[0]'
        Info: Total cell delay = 1.952 ns ( 64.76 % )
        Info: Total interconnect delay = 1.062 ns ( 35.24 % )
Info: th for register "codeoutv[0]" (data pin = "codein", clock pin = "clk") is -2.339 ns
    Info: + Longest clock path from clock "clk" to destination register is 2.485 ns
        Info: 1: + IC(0.000 ns) + CELL(0.854 ns) = 0.854 ns; Loc. = PIN_N20; Fanout = 1; CLK Node = 'clk'
        Info: 2: + IC(0.343 ns) + CELL(0.000 ns) = 1.197 ns; Loc. = CLKCTRL_G3; Fanout = 47; COMB Node = 'clk~clkctrl'
        Info: 3: + IC(0.670 ns) + CELL(0.618 ns) = 2.485 ns; Loc. = LCFF_X37_Y20_N11; Fanout = 5; REG Node = 'codeoutv[0]'
        Info: Total cell delay = 1.472 ns ( 59.24 % )
        Info: Total interconnect delay = 1.013 ns ( 40.76 % )
    Info: + Micro hold delay of destination is 0.149 ns
    Info: - Shortest pin to register delay is 4.973 ns
        Info: 1: + IC(0.000 ns) + CELL(0.827 ns) = 0.827 ns; Loc. = PIN_E7; Fanout = 3; PIN Node = 'codein'
        Info: 2: + IC(3.938 ns) + CELL(0.053 ns) = 4.818 ns; Loc. = LCCOMB_X37_Y20_N10; Fanout = 1; COMB Node = 'codeoutv~4'
        Info: 3: + IC(0.000 ns) + CELL(0.155 ns) = 4.973 ns; Loc. = LCFF_X37_Y20_N11; Fanout = 5; REG Node = 'codeoutv[0]'
        Info: Total cell delay = 1.035 ns ( 20.81 % )
        Info: Total interconnect delay = 3.938 ns ( 79.19 % )
Info: Quartus II Classic Timing Analyzer was successful. 0 errors, 1 warning
    Info: Peak virtual memory: 190 megabytes
    Info: Processing ended: Mon Jun 28 19:12:04 2021
    Info: Elapsed time: 00:00:01
    Info: Total CPU time (on all processors): 00:00:00


